// Vitest Snapshot v1, https://vitest.dev/guide/snapshot.html

exports[`MenuItem test > should match snapshot 1`] = `
<div>
  <li
    class="MuiListItem-root MuiListItem-gutters css-1nxmd3h-MuiListItem-root"
  >
    <div
      class="MuiGrid-root MuiGrid-container _menu-item_9fa3c5 css-1vam7s3-MuiGrid-root"
    >
      <div
        class="MuiGrid-root MuiGrid-item MuiGrid-grid-xs-9 _menu-item__name-ingredients-list_9fa3c5 css-1qpzhgb-MuiGrid-root"
      >
        <div
          class="MuiGrid-root MuiGrid-container MuiGrid-direction-xs-column css-b3ynvt-MuiGrid-root"
        >
          <div
            class="MuiGrid-root MuiGrid-item css-13i4rnv-MuiGrid-root"
          >
            <strong>
              pizza
            </strong>
          </div>
          <div
            class="MuiGrid-root MuiGrid-item css-13i4rnv-MuiGrid-root"
          >
            (tomato sauce, cheese, ham)
          </div>
        </div>
      </div>
      <div
        class="MuiGrid-root MuiGrid-item MuiGrid-grid-xs-3 _menu-item__price_9fa3c5 css-1equabv-MuiGrid-root"
      >
        10 RON
      </div>
    </div>
  </li>
</div>
`;
